19999999 19999999 19999999 19999999 19999999 19999999 19999999 19999999 17589072 19999999 19999999 19999999 19999999 1807335 19999999 19999999 19999999 19999999 19999999 19999999 2181926 19999999 19999999 19999999 19999999 19999999 19999999 19999999 19999999 19999999 19999999 14940825 19999999 19999999 19999999 19999999 19999999 19999999 17838527 19999999 19999999 19999999 19999999 19999999 18764937 19999999 8901114 19999999 19999999 19999999 19999999 20000000 20000000 20000000 20000000 20000000 20000000 20000000 20000000 20000000 20000000 20000000 5527483 20000000 20000000 20000000 3649366 10426762 20000000 20000000 20000000 20000000 20000000 20000000 20000000 11709167 20000000 20000000 20000000 20000000 3887998 12459159 20000000 20000000 20000000 20000000 20000000 20000000 20000000 20000000 20000000 20000000 20000000 20000000 20000000 20000000 20000000 20000000 20000000 6666476 