148205369 148205369 148205369 148205369 148205369 148205369 148205369 148205369 148205369 148205369 148205369 148205369 148205369 148205369 148205369 148205369 148205369 148205369 148205369 148205369 148205369 148205369 148205369 148205369 148205369 148205369 148205369 148205369 148205369 148205369 148205369 148205369 148205369 148205369 148205369 148205369 148205369 148205369 148205369 148205369 148205369 148205369 148205369 148205369 148205369 148205369 148205369 148205369 148205369 148205369 148205369 148205369 148205369 148205369 148205369 148205369 148205369 148205369 148205369 148205369 148205369 148205369 148205369 148205369 148205369 148205369 148205369 148205369 148205369 148205369 148205369 148205369 148205369 148205369 148205369 148205369 148205369 148205369 148205369 148205369 148205369 148205369 148205369 148205369 148205369 148205369 148205369 148205369 148205370 148205370 148205370 148205370 148205370 148205370 148205370 148205370 148205370 148205370 148205370 148205370 