3773457 7287264 1200405 8637378 5710232 6373963 6373657 1595231 399912 9085501 7809494 465684 6935063 2395917 3112082 2461475 5293303 2141748 6336636 3922853 7716775 8325319 8982486 5600567 6524398 4471574 2388751 9537749 2402444 4816763 5692070 2965200 6848669 7902049 468173 3995393 3188046 1909360 7947963 5336826 5042610 1495260 1197109 8326437 4896762 9889071 8646904 9050137 3576555 6572562 5415718 8242067 565503 2549347 9826218 6065447 5171706 1042007 7354722 2479169 6870739 2482969 2304530 9644156 2408353 3721050 7538869 8865130 1307213 1708419 592666 813981 1798788 3518811 9271697 4461481 9889071 4868844 8518648 8072464 6930598 6777752 1268968 1470405 700542 5660814 9889071 1071475 2294745 6464298 8459088 9166262 182371 3954476 8482982 5831020 8271946 4287424 5561370 9889071 