800 800 800 527 800 101 800 289 800 800 800 800 800 652 800 800 800 800 800 800 800 800 800 800 800 800 800 800 800 42 800 792 800 755 800 800 800 800 800 275 800 800 800 800 800 800 800 800 800 800 800 800 12 800 800 800 800 610 800 691 800 800 800 27 800 800 800 800 585 800 104 429 800 800 800 800 656 800 800 800 801 801 801 801 435 801 801 705 801 371 801 257 801 369 801 801 801 801 801 801 