633303 633303 484929 633303 633303 633303 633303 633303 633303 633303 175317 633303 633303 633303 633303 633303 633303 633303 633303 15576 633303 633303 155928 633303 633303 633303 633303 633303 323043 633303 633303 633303 633303 633303 633303 633303 633303 633303 633303 633303 633303 633303 633303 633303 633303 633303 633303 633303 633303 633303 633303 633303 113401 633303 405180 633303 633303 633303 633303 633303 633303 633303 633303 633303 633303 633304 633304 633304 633304 633304 633304 633304 633304 36953 633304 633304 633304 633304 23144 633304 633304 633304 633304 633304 633304 633304 633304 633304 6390 633304 633304 633304 633304 633304 633304 633304 633304 633304 633304 633304 