4999999 4999999 4999999 4999999 4999999 4999999 4999999 4999999 4999999 4999999 4999999 4999999 4999999 4999999 4999999 4999999 4999999 4999999 4999999 4999999 4999999 3362022 5000000 976278 5000000 5000000 5000000 5000000 5000000 5000000 5000000 5000000 5000000 5000000 5000000 5000000 2552227 5000000 5000000 5000000 5000000 5000000 5000000 5000000 5000000 5000000 5000000 5000000 5000000 5000000 5000000 5000000 5000000 5000000 5000000 5000000 5000000 2774857 5000000 5000000 5000000 5000000 5000000 5000000 5000000 4134110 5000000 1223192 5000000 5000000 969375 5000000 5000000 5000000 5000000 5000000 5000000 5000000 5000000 5000000 5000000 4278321 2432359 5000000 5000000 5000000 5000000 5000000 1758270 5000000 5000000 5000000 2520041 2051525 5000000 5000000 5000000 5000000 5000000 5000000 