9948978 9915869 9812034 9758044 9659776 9768001 9519203 9856291 9948978 9842015 9693402 9948978 9839940 9790901 9720547 9852950 9843562 9877885 9935208 9718349 9948978 9582871 9936477 9720146 9701653 9657508 9841215 9514140 9617442 9690270 9645596 9704067 9751224 9559806 9748764 9662368 9913313 9809621 9602059 9790369 9897070 9728690 9900216 9605706 9948978 9887512 9684797 9783375 9593354 9857134 9824200 9540575 9934255 9716793 9864981 9948978 9820300 9787777 9746839 9779993 9518327 9575590 9948979 9619124 9515594 9608166 9946019 9680212 9590238 9768875 9592563 9928059 9900714 9804991 9607158 9589532 9687222 9893265 9705610 9948979 9791057 9816802 9687882 9531734 9850751 9611666 9746542 9526382 9609350 9769083 9948979 9940355 9948979 9909762 9684856 9871341 9701138 9700046 9940147 9509258 