49407447 47538643 49407447 49407447 49407447 49407447 49407447 49407447 49407447 49407447 49407447 49407447 49407447 49407447 49407448 49407448 49407448 49407448 49407448 49407448 49407448 49407448 49407448 49407448 49407448 49407448 49407448 49407448 49407448 49407448 49407448 49407448 49407448 49407448 49407448 49407448 49407448 49407448 49407448 49407448 49407448 49407448 49407448 49407448 49407448 26141348 49407448 49407448 49407448 49407448 49407448 49407448 49407448 49407448 49407448 49407448 49407448 49407448 49407448 49407448 49407448 49407448 49407448 49407448 49407448 49407448 49407448 49407448 49407448 49407448 49407448 49407448 49407448 49407448 49407448 49407448 49407448 49407448 49407448 49407448 49407448 49407448 49407448 49407448 49407448 49407448 49407448 49407448 49407448 49407448 49407448 49407448 49407448 49407448 49407448 49407448 49407448 49407448 49407448 49407448 