9324558220100711 9324558220100711 9324558220100711
