104846160692465994 188912001247687 188912001247687
