121048415069296207 62253470607066621 3458526144837035
